// Jest Snapshot v1, https://goo.gl/fbAQLP

exports[`<NavBar> component renders the UI with authorization with the UserMenu showing 1`] = `
<nav
  className=""
  role="navigation"
>
  <h1>
    <a
      href="/"
      onClick={[Function]}
      title="Go to Main Page"
    >
      QUIZ BUILDER
    </a>
  </h1>
  <div
    className="link_list"
  >
    <div
      id="AddItemLinkButton"
    >
      <a
        aria-label="Go to Login Page"
        href="/login"
        onClick={[Function]}
        title="Go to Login Page"
      >
        <button
          aria-label="Go to Login Page"
          className="link_button "
          type="button"
        >
          <div
            className="button_label hide_label"
            style={null}
          >
            LOG IN
          </div>
        </button>
      </a>
    </div>
    <div
      id="AddItemLinkButton"
    >
      <a
        aria-label="Go to Register Page"
        href="/register"
        onClick={[Function]}
        title="Go to Register Page"
      >
        <button
          aria-label="Go to Register Page"
          className="link_button "
          type="button"
        >
          <div
            className="button_label hide_label"
            style={null}
          >
            REGISTER
          </div>
        </button>
      </a>
    </div>
    <div
      id="AddItemLinkButton"
    >
      <button
        aria-label="Try a random quiz"
        className="link_button "
        onClick={[Function]}
        type="button"
      >
        <div
          className="button_label hide_label"
          style={null}
        >
          RANDOM
        </div>
      </button>
    </div>
  </div>
  
</nav>
`;

exports[`<NavBar> component renders the UI with authorization with the UserMenu showing 2`] = `
<nav
  className=""
  role="navigation"
>
  <h1>
    <a
      href="/"
      onClick={[Function]}
      title="Go to Main Page"
    >
      QUIZ BUILDER
    </a>
  </h1>
  <div
    className="link_list"
  >
    <div
      id="AddItemLinkButton"
    >
      <a
        aria-label="Go to Login Page"
        href="/login"
        onClick={[Function]}
        title="Go to Login Page"
      >
        <button
          aria-label="Go to Login Page"
          className="link_button "
          type="button"
        >
          <div
            className="button_label hide_label"
            style={null}
          >
            LOG IN
          </div>
        </button>
      </a>
    </div>
    <div
      id="AddItemLinkButton"
    >
      <a
        aria-label="Go to Register Page"
        href="/register"
        onClick={[Function]}
        title="Go to Register Page"
      >
        <button
          aria-label="Go to Register Page"
          className="link_button "
          type="button"
        >
          <div
            className="button_label hide_label"
            style={null}
          >
            REGISTER
          </div>
        </button>
      </a>
    </div>
    <div
      id="AddItemLinkButton"
    >
      <button
        aria-label="Try a random quiz"
        className="link_button "
        onClick={[Function]}
        type="button"
      >
        <div
          className="button_label hide_label"
          style={null}
        >
          RANDOM
        </div>
      </button>
    </div>
  </div>
  
</nav>
`;

exports[`<NavBar> component renders the UI without authorization with the UserMenu showing 1`] = `
<nav
  className=""
  role="navigation"
>
  <h1>
    <a
      href="/"
      onClick={[Function]}
      title="Go to Main Page"
    >
      QUIZ BUILDER
    </a>
  </h1>
  <div
    className="link_list"
  >
    <div
      id="AddItemLinkButton"
    >
      <a
        aria-label="Go to Login Page"
        href="/login"
        onClick={[Function]}
        title="Go to Login Page"
      >
        <button
          aria-label="Go to Login Page"
          className="link_button "
          type="button"
        >
          <div
            className="button_label hide_label"
            style={null}
          >
            LOG IN
          </div>
        </button>
      </a>
    </div>
    <div
      id="AddItemLinkButton"
    >
      <a
        aria-label="Go to Register Page"
        href="/register"
        onClick={[Function]}
        title="Go to Register Page"
      >
        <button
          aria-label="Go to Register Page"
          className="link_button "
          type="button"
        >
          <div
            className="button_label hide_label"
            style={null}
          >
            REGISTER
          </div>
        </button>
      </a>
    </div>
    <div
      id="AddItemLinkButton"
    >
      <button
        aria-label="Try a random quiz"
        className="link_button "
        onClick={[Function]}
        type="button"
      >
        <div
          className="button_label hide_label"
          style={null}
        >
          RANDOM
        </div>
      </button>
    </div>
  </div>
  
</nav>
`;

exports[`<NavBar> component renders the UI without authorization with the UserMenu showing 2`] = `
<nav
  className=""
  role="navigation"
>
  <h1>
    <a
      href="/"
      onClick={[Function]}
      title="Go to Main Page"
    >
      QUIZ BUILDER
    </a>
  </h1>
  <div
    className="link_list"
  >
    <div
      id="AddItemLinkButton"
    >
      <a
        aria-label="Go to Login Page"
        href="/login"
        onClick={[Function]}
        title="Go to Login Page"
      >
        <button
          aria-label="Go to Login Page"
          className="link_button "
          type="button"
        >
          <div
            className="button_label hide_label"
            style={null}
          >
            LOG IN
          </div>
        </button>
      </a>
    </div>
    <div
      id="AddItemLinkButton"
    >
      <a
        aria-label="Go to Register Page"
        href="/register"
        onClick={[Function]}
        title="Go to Register Page"
      >
        <button
          aria-label="Go to Register Page"
          className="link_button "
          type="button"
        >
          <div
            className="button_label hide_label"
            style={null}
          >
            REGISTER
          </div>
        </button>
      </a>
    </div>
    <div
      id="AddItemLinkButton"
    >
      <button
        aria-label="Try a random quiz"
        className="link_button "
        onClick={[Function]}
        type="button"
      >
        <div
          className="button_label hide_label"
          style={null}
        >
          RANDOM
        </div>
      </button>
    </div>
  </div>
  
</nav>
`;
